// Jest Snapshot v1, https://goo.gl/fbAQLP

exports[`Spinner should match a snapshot 1`] = `ShallowWrapper {}`;
