// Jest Snapshot v1, https://goo.gl/fbAQLP

exports[`DailyWeatherSection should match a snapshot 1`] = `ShallowWrapper {}`;
