// Jest Snapshot v1, https://goo.gl/fbAQLP

exports[`LocationSearchField should match a snapshot 1`] = `ShallowWrapper {}`;
