// Jest Snapshot v1, https://goo.gl/fbAQLP

exports[`LocationList should match a snapshot 1`] = `ShallowWrapper {}`;
