// Jest Snapshot v1, https://goo.gl/fbAQLP

exports[`AppBar should match a snapshot 1`] = `ShallowWrapper {}`;
